<testsuite name="Django Project Tests" errors="0" failures="0" skips="0" tests="7" time="3.988"><testcase time="0.003990" classname="trainer.tests.MyTestCase" name="test_get_all_sport_facility" /><testcase time="0.004985" classname="trainer.tests.MyTestCase" name="test_get_filtered_sport_facility_" /><testcase time="2.367603" classname="trainer.tests.MyTestCase" name="test_get_filtered_sport_facility_by_ligth" /><testcase time="0.459137" classname="trainer.tests.MyTestCase" name="test_get_user_ID" /><testcase time="0.462981" classname="trainer.tests.MyTestCase" name="test_get_user_by_userName" /><testcase time="0.241470" classname="trainer.tests.MyTestCase" name="test_insert_to_DB" /><testcase time="0.446825" classname="trainer.tests.MyTestCase" name="test_update_user_by_ID" /></testsuite>